// Jest Snapshot v1, https://goo.gl/fbAQLP

exports[`Renders only children 1`] = `<div />`;
